[21280:23988:0821/162725.514:ERROR:components\viz\host\persistent_cache_sandboxed_file_factory.cc:151] Failed to open persistent cache files in directory "C:\ProgramData\CeftoDecklink\CefRoot\GPUPersistentCache\DawnGraphiteCache\QFRPRRKRKWZNTFMPUJZIPW2HOZ5QE2WL": Access is denied. (0x5)
[21280:21916:0821/162725.528:ERROR:components\segmentation_platform\internal\database\ukm_database_backend.cc:142] Failed to open UKM database: 0 sql::Database is not opened.
[21280:9596:0821/162725.552:WARNING:chrome\browser\signin\account_consistency_mode_manager.cc:74] Desktop Identity Consistency cannot be enabled as no OAuth client ID and client secret have been configured.
[21280:9632:0821/162725.568:ERROR:components\password_manager\core\browser\password_store\login_database.cc:1092] Unable to open the password store database.
[21280:21952:0821/162725.568:ERROR:components\password_manager\core\browser\password_store\login_database.cc:1092] Unable to open the password store database.
[21280:9632:0821/162725.569:ERROR:components\password_manager\core\browser\password_store\login_database_async_helper.cc:75] Could not create/open login database.
[21280:21952:0821/162725.569:ERROR:components\password_manager\core\browser\password_store\login_database_async_helper.cc:75] Could not create/open login database.
[23004:22848:0821/162725.638:ERROR:gpu\ipc\service\gpu_channel_manager.cc:927] ContextResult::kFatalFailure: Failed to create shared context for virtualization.
[21280:23064:0821/162727.579:WARNING:components\leveldb_proto\internal\leveldb_database.cc:102] Unable to open C:\ProgramData\CeftoDecklink\CefRoot\Default\commerce_subscription_db: IO error: C:\ProgramData\CeftoDecklink\CefRoot\Default\commerce_subscription_db/LOCK: Access denied. (ChromeMethodBFE: 15::LockFile::5)
[21280:21916:0821/162727.581:WARNING:components\leveldb_proto\internal\leveldb_database.cc:102] Unable to open C:\ProgramData\CeftoDecklink\CefRoot\Default\ClientCertificates: IO error: C:\ProgramData\CeftoDecklink\CefRoot\Default\ClientCertificates/LOCK: Access denied. (ChromeMethodBFE: 15::LockFile::5)
[21280:22600:0821/162727.585:WARNING:components\leveldb_proto\internal\leveldb_database.cc:102] Unable to open C:\ProgramData\CeftoDecklink\CefRoot\Default\discounts_db: IO error: C:\ProgramData\CeftoDecklink\CefRoot\Default\discounts_db/LOCK: Access denied. (ChromeMethodBFE: 15::LockFile::5)
[21280:8316:0821/162727.585:WARNING:components\leveldb_proto\internal\leveldb_database.cc:102] Unable to open C:\ProgramData\CeftoDecklink\CefRoot\Default\Segmentation Platform\SegmentInfoDB: IO error: C:\ProgramData\CeftoDecklink\CefRoot\Default\Segmentation Platform\SegmentInfoDB/LOCK: Access denied. (ChromeMethodBFE: 15::LockFile::5)
[21280:21952:0821/162727.590:WARNING:components\leveldb_proto\internal\leveldb_database.cc:102] Unable to open C:\ProgramData\CeftoDecklink\CefRoot\Default\parcel_tracking_db: IO error: C:\ProgramData\CeftoDecklink\CefRoot\Default\parcel_tracking_db/LOCK: Access denied. (ChromeMethodBFE: 15::LockFile::5)
[21280:21804:0821/162727.590:WARNING:components\leveldb_proto\internal\leveldb_database.cc:102] Unable to open C:\ProgramData\CeftoDecklink\CefRoot\Default\chrome_cart_db: IO error: C:\ProgramData\CeftoDecklink\CefRoot\Default\chrome_cart_db/LOCK: Access denied. (ChromeMethodBFE: 15::LockFile::5)
[21280:5056:0821/162727.590:WARNING:components\leveldb_proto\internal\leveldb_database.cc:102] Unable to open C:\ProgramData\CeftoDecklink\CefRoot\Default\discount_infos_db: IO error: C:\ProgramData\CeftoDecklink\CefRoot\Default\discount_infos_db/LOCK: Access denied. (ChromeMethodBFE: 15::LockFile::5)
[21280:23988:0821/162727.590:WARNING:components\leveldb_proto\internal\leveldb_database.cc:102] Unable to open C:\ProgramData\CeftoDecklink\CefRoot\Default: IO error: C:\ProgramData\CeftoDecklink\CefRoot\Default/LOCK: Access denied. (ChromeMethodBFE: 15::LockFile::5)
[21280:23632:0821/162727.592:WARNING:components\leveldb_proto\internal\leveldb_database.cc:102] Unable to open C:\ProgramData\CeftoDecklink\CefRoot\Default\PersistentOriginTrials: IO error: C:\ProgramData\CeftoDecklink\CefRoot\Default\PersistentOriginTrials/LOCK: Access denied. (ChromeMethodBFE: 15::LockFile::5)
[21280:8316:0821/162729.596:WARNING:components\leveldb_proto\internal\leveldb_database.cc:102] Unable to open C:\ProgramData\CeftoDecklink\CefRoot\Default\Segmentation Platform\SignalDB: IO error: C:\ProgramData\CeftoDecklink\CefRoot\Default\Segmentation Platform\SignalDB/LOCK: Access denied. (ChromeMethodBFE: 15::LockFile::5)
[21280:8316:0821/162731.613:WARNING:components\leveldb_proto\internal\leveldb_database.cc:102] Unable to open C:\ProgramData\CeftoDecklink\CefRoot\Default\Segmentation Platform\SignalStorageConfigDB: IO error: C:\ProgramData\CeftoDecklink\CefRoot\Default\Segmentation Platform\SignalStorageConfigDB/LOCK: Access denied. (ChromeMethodBFE: 15::LockFile::5)
[21280:21916:0821/162735.327:WARNING:chrome\browser\media\router\discovery\discovery_network_list_win.cc:229] Failed to open WLAN handle: The service has not been started. (0x426)
[21280:20956:0821/162735.335:ERROR:components\history\core\browser\top_sites_backend.cc:77] Failed to initialize database.
[21280:23988:0821/162735.357:ERROR:net\disk_cache\cache_util_win.cc:25] Unable to move the cache: Access is denied. (0x5)
[21280:20956:0821/162735.356:ERROR:net\disk_cache\cache_util_win.cc:25] Unable to move the cache: Access is denied. (0x5)
[21280:20956:0821/162735.357:ERROR:net\disk_cache\cache_util_win.cc:25] Unable to move the cache: Access is denied. (0x5)
[21280:23988:0821/162735.357:ERROR:net\disk_cache\cache_util_win.cc:25] Unable to move the cache: Access is denied. (0x5)
[21280:9632:0821/162735.358:ERROR:net\disk_cache\cache_util_win.cc:25] Unable to move the cache: Access is denied. (0x5)
[21280:9596:0821/162735.358:ERROR:net\disk_cache\disk_cache.cc:284] Unable to create cache
[21280:9596:0821/162735.358:ERROR:gpu\ipc\host\gpu_disk_cache.cc:737] Gpu Cache Creation failed: -2
[21280:9596:0821/162735.358:ERROR:net\disk_cache\disk_cache.cc:284] Unable to create cache
[21280:9596:0821/162735.358:ERROR:gpu\ipc\host\gpu_disk_cache.cc:737] Gpu Cache Creation failed: -2
[21280:9596:0821/162735.358:ERROR:net\disk_cache\disk_cache.cc:284] Unable to create cache
[21280:9596:0821/162735.358:ERROR:gpu\ipc\host\gpu_disk_cache.cc:737] Gpu Cache Creation failed: -2
[21280:9596:0821/162735.359:ERROR:net\disk_cache\disk_cache.cc:284] Unable to create cache
[21280:9596:0821/162735.359:ERROR:gpu\ipc\host\gpu_disk_cache.cc:737] Gpu Cache Creation failed: -2
[21280:9596:0821/162735.359:ERROR:net\disk_cache\disk_cache.cc:284] Unable to create cache
[21280:9596:0821/162735.359:ERROR:gpu\ipc\host\gpu_disk_cache.cc:737] Gpu Cache Creation failed: -2
[22072:7204:0821/162735.359:ERROR:net\disk_cache\cache_util_win.cc:25] Unable to move the cache: Access is denied. (0x5)
[22072:24020:0821/162735.359:ERROR:net\disk_cache\disk_cache.cc:284] Unable to create cache
[23004:22848:0821/162735.413:ERROR:gpu\ipc\service\gpu_channel_manager.cc:927] ContextResult::kFatalFailure: Failed to create shared context for virtualization.
[23004:22848:0821/162735.413:ERROR:gpu\ipc\service\gpu_channel_manager.cc:927] ContextResult::kFatalFailure: Failed to create shared context for virtualization.
[21280:21804:0821/162735.637:ERROR:storage\browser\quota\quota_database.cc:989] Could not open the quota database, resetting.
[21280:21916:0821/162737.343:WARNING:components\leveldb_proto\internal\leveldb_database.cc:102] Unable to open C:\ProgramData\CeftoDecklink\CefRoot\Default\shared_proto_db\metadata: IO error: C:\ProgramData\CeftoDecklink\CefRoot\Default\shared_proto_db\metadata/LOCK: Access denied. (ChromeMethodBFE: 15::LockFile::5)
[21280:20956:0821/162737.373:WARNING:components\value_store\value_store_frontend.cc:47] Reading ahfgeienlihckogmohjhadlkjgocpleb.alarms from  failed: IO error: .../LOCK: Access denied. (ChromeMethodBFE: 15::LockFile::5)
[21280:21804:0821/162738.414:ERROR:storage\browser\quota\quota_database.cc:989] Could not open the quota database, resetting.
[21280:21916:0821/162739.355:WARNING:components\leveldb_proto\internal\leveldb_database.cc:102] Unable to open C:\ProgramData\CeftoDecklink\CefRoot\Default\shared_proto_db\metadata: IO error: C:\ProgramData\CeftoDecklink\CefRoot\Default\shared_proto_db\metadata/LOCK: Access denied. (ChromeMethodBFE: 15::LockFile::5)
[21280:20956:0821/162739.387:WARNING:components\value_store\value_store_frontend.cc:47] Reading mhjfbmdgcfjbbpaeojofohoefgiehjai.alarms from  failed: IO error: .../LOCK: Access denied. (ChromeMethodBFE: 15::LockFile::5)
[21280:23280:0821/162739.453:WARNING:components\leveldb_proto\internal\leveldb_database.cc:102] Unable to open C:\ProgramData\CeftoDecklink\CefRoot\Default\optimization_guide_hint_cache_store: IO error: C:\ProgramData\CeftoDecklink\CefRoot\Default\optimization_guide_hint_cache_store/LOCK: Access denied. (ChromeMethodBFE: 15::LockFile::5)
[21280:13828:0821/162739.945:WARNING:components\leveldb_proto\internal\leveldb_database.cc:102] Unable to open C:\ProgramData\CeftoDecklink\CefRoot\Default\AutofillAiModelCache: IO error: C:\ProgramData\CeftoDecklink\CefRoot\Default\AutofillAiModelCache/LOCK: Access denied. (ChromeMethodBFE: 15::LockFile::5)
[21280:21804:0821/162741.183:ERROR:storage\browser\quota\quota_database.cc:994] Failed to reset the quota database.
[21280:21804:0821/162741.183:ERROR:storage\browser\quota\quota_database.cc:994] Failed to reset the quota database.
[21280:21916:0821/162741.370:WARNING:components\leveldb_proto\internal\leveldb_database.cc:102] Unable to open C:\ProgramData\CeftoDecklink\CefRoot\Default\shared_proto_db\metadata: IO error: C:\ProgramData\CeftoDecklink\CefRoot\Default\shared_proto_db\metadata/LOCK: Access denied. (ChromeMethodBFE: 15::LockFile::5)
[21280:23280:0821/162741.467:WARNING:components\leveldb_proto\internal\leveldb_database.cc:102] Unable to open C:\ProgramData\CeftoDecklink\CefRoot\Default\AutofillStrikeDatabase: IO error: C:\ProgramData\CeftoDecklink\CefRoot\Default\AutofillStrikeDatabase/LOCK: Access denied. (ChromeMethodBFE: 15::LockFile::5)
[21280:13828:0821/162741.964:WARNING:components\leveldb_proto\internal\leveldb_database.cc:102] Unable to open C:\ProgramData\CeftoDecklink\CefRoot\Default\BudgetDatabase: IO error: C:\ProgramData\CeftoDecklink\CefRoot\Default\BudgetDatabase/LOCK: Access denied. (ChromeMethodBFE: 15::LockFile::5)
[21280:21916:0821/162743.375:WARNING:components\leveldb_proto\internal\leveldb_database.cc:102] Unable to open C:\ProgramData\CeftoDecklink\CefRoot\Default\shared_proto_db\metadata: IO error: C:\ProgramData\CeftoDecklink\CefRoot\Default\shared_proto_db\metadata/LOCK: Access denied. (ChromeMethodBFE: 15::LockFile::5)
[21280:23280:0821/162743.482:WARNING:components\leveldb_proto\internal\leveldb_database.cc:102] Unable to open C:\ProgramData\CeftoDecklink\CefRoot\Default\GCM Store\Encryption: IO error: C:\ProgramData\CeftoDecklink\CefRoot\Default\GCM Store\Encryption/LOCK: Access denied. (ChromeMethodBFE: 15::LockFile::5)
[21280:13828:0821/162743.975:WARNING:components\leveldb_proto\internal\leveldb_database.cc:102] Unable to open C:\ProgramData\CeftoDecklink\CefRoot\Default\Feature Engagement Tracker\AvailabilityDB: IO error: C:\ProgramData\CeftoDecklink\CefRoot\Default\Feature Engagement Tracker\AvailabilityDB/LOCK: Access denied. (ChromeMethodBFE: 15::LockFile::5)
[21280:21804:0821/162745.393:WARNING:components\leveldb_proto\internal\leveldb_database.cc:102] Unable to open C:\ProgramData\CeftoDecklink\CefRoot\Default\ClientCertificates: IO error: C:\ProgramData\CeftoDecklink\CefRoot\Default\ClientCertificates/LOCK: Access denied. (ChromeMethodBFE: 15::LockFile::5)
[21280:13828:0821/162745.992:WARNING:components\leveldb_proto\internal\leveldb_database.cc:102] Unable to open C:\ProgramData\CeftoDecklink\CefRoot\Default\Feature Engagement Tracker\EventDB: IO error: C:\ProgramData\CeftoDecklink\CefRoot\Default\Feature Engagement Tracker\EventDB/LOCK: Access denied. (ChromeMethodBFE: 15::LockFile::5)
[21280:23280:0821/162747.017:WARNING:components\leveldb_proto\internal\leveldb_database.cc:102] Unable to open C:\ProgramData\CeftoDecklink\CefRoot\Default\AutofillStrikeDatabase: IO error: C:\ProgramData\CeftoDecklink\CefRoot\Default\AutofillStrikeDatabase/LOCK: Access denied. (ChromeMethodBFE: 15::LockFile::5)
[21280:23280:0821/162749.027:WARNING:components\leveldb_proto\internal\leveldb_database.cc:102] Unable to open C:\ProgramData\CeftoDecklink\CefRoot\Default\AutofillStrikeDatabase: IO error: C:\ProgramData\CeftoDecklink\CefRoot\Default\AutofillStrikeDatabase/LOCK: Access denied. (ChromeMethodBFE: 15::LockFile::5)
[21280:23280:0821/162751.037:WARNING:components\leveldb_proto\internal\leveldb_database.cc:102] Unable to open C:\ProgramData\CeftoDecklink\CefRoot\Default\AutofillStrikeDatabase: IO error: C:\ProgramData\CeftoDecklink\CefRoot\Default\AutofillStrikeDatabase/LOCK: Access denied. (ChromeMethodBFE: 15::LockFile::5)
[23756:2716:0821/163051.895:ERROR:components\viz\host\persistent_cache_sandboxed_file_factory.cc:151] Failed to open persistent cache files in directory "C:\ProgramData\CeftoDecklink\CefRoot\GPUPersistentCache\DawnGraphiteCache\QFRPRRKRKWZNTFMPUJZIPW2HOZ5QE2WL": Access is denied. (0x5)
[23756:23812:0821/163051.908:ERROR:components\segmentation_platform\internal\database\ukm_database_backend.cc:142] Failed to open UKM database: 0 sql::Database is not opened.
[23756:22416:0821/163051.931:WARNING:chrome\browser\signin\account_consistency_mode_manager.cc:74] Desktop Identity Consistency cannot be enabled as no OAuth client ID and client secret have been configured.
[23756:21896:0821/163051.948:ERROR:components\password_manager\core\browser\password_store\login_database.cc:1092] Unable to open the password store database.
[23756:2716:0821/163051.948:ERROR:components\password_manager\core\browser\password_store\login_database.cc:1092] Unable to open the password store database.
[23756:21896:0821/163051.948:ERROR:components\password_manager\core\browser\password_store\login_database_async_helper.cc:75] Could not create/open login database.
[23756:2716:0821/163051.948:ERROR:components\password_manager\core\browser\password_store\login_database_async_helper.cc:75] Could not create/open login database.
[3776:23152:0821/163052.001:ERROR:gpu\ipc\service\gpu_channel_manager.cc:927] ContextResult::kFatalFailure: Failed to create shared context for virtualization.
[23756:23812:0821/163053.958:WARNING:components\leveldb_proto\internal\leveldb_database.cc:102] Unable to open C:\ProgramData\CeftoDecklink\CefRoot\Default\ClientCertificates: IO error: C:\ProgramData\CeftoDecklink\CefRoot\Default\ClientCertificates/LOCK: Access denied. (ChromeMethodBFE: 15::LockFile::5)
[23756:23160:0821/163053.974:WARNING:components\leveldb_proto\internal\leveldb_database.cc:102] Unable to open C:\ProgramData\CeftoDecklink\CefRoot\Default\PersistentOriginTrials: IO error: C:\ProgramData\CeftoDecklink\CefRoot\Default\PersistentOriginTrials/LOCK: Access denied. (ChromeMethodBFE: 15::LockFile::5)
[23756:7288:0821/163053.974:WARNING:components\leveldb_proto\internal\leveldb_database.cc:102] Unable to open C:\ProgramData\CeftoDecklink\CefRoot\Default\discount_infos_db: IO error: C:\ProgramData\CeftoDecklink\CefRoot\Default\discount_infos_db/LOCK: Access denied. (ChromeMethodBFE: 15::LockFile::5)
[23756:21896:0821/163053.974:WARNING:components\leveldb_proto\internal\leveldb_database.cc:102] Unable to open C:\ProgramData\CeftoDecklink\CefRoot\Default\chrome_cart_db: IO error: C:\ProgramData\CeftoDecklink\CefRoot\Default\chrome_cart_db/LOCK: Access denied. (ChromeMethodBFE: 15::LockFile::5)
[23756:20980:0821/163053.974:WARNING:components\leveldb_proto\internal\leveldb_database.cc:102] Unable to open C:\ProgramData\CeftoDecklink\CefRoot\Default\discounts_db: IO error: C:\ProgramData\CeftoDecklink\CefRoot\Default\discounts_db/LOCK: Access denied. (ChromeMethodBFE: 15::LockFile::5)
[23756:21832:0821/163053.975:WARNING:components\leveldb_proto\internal\leveldb_database.cc:102] Unable to open C:\ProgramData\CeftoDecklink\CefRoot\Default\Segmentation Platform\SegmentInfoDB: IO error: C:\ProgramData\CeftoDecklink\CefRoot\Default\Segmentation Platform\SegmentInfoDB/LOCK: Access denied. (ChromeMethodBFE: 15::LockFile::5)
[23756:3156:0821/163053.976:WARNING:components\leveldb_proto\internal\leveldb_database.cc:102] Unable to open C:\ProgramData\CeftoDecklink\CefRoot\Default\parcel_tracking_db: IO error: C:\ProgramData\CeftoDecklink\CefRoot\Default\parcel_tracking_db/LOCK: Access denied. (ChromeMethodBFE: 15::LockFile::5)
[23756:21928:0821/163053.976:WARNING:components\leveldb_proto\internal\leveldb_database.cc:102] Unable to open C:\ProgramData\CeftoDecklink\CefRoot\Default\commerce_subscription_db: IO error: C:\ProgramData\CeftoDecklink\CefRoot\Default\commerce_subscription_db/LOCK: Access denied. (ChromeMethodBFE: 15::LockFile::5)
[23756:21776:0821/163053.976:WARNING:components\leveldb_proto\internal\leveldb_database.cc:102] Unable to open C:\ProgramData\CeftoDecklink\CefRoot\Default: IO error: C:\ProgramData\CeftoDecklink\CefRoot\Default/LOCK: Access denied. (ChromeMethodBFE: 15::LockFile::5)
[23756:21832:0821/163055.988:WARNING:components\leveldb_proto\internal\leveldb_database.cc:102] Unable to open C:\ProgramData\CeftoDecklink\CefRoot\Default\Segmentation Platform\SignalDB: IO error: C:\ProgramData\CeftoDecklink\CefRoot\Default\Segmentation Platform\SignalDB/LOCK: Access denied. (ChromeMethodBFE: 15::LockFile::5)
[23756:21832:0821/163058.004:WARNING:components\leveldb_proto\internal\leveldb_database.cc:102] Unable to open C:\ProgramData\CeftoDecklink\CefRoot\Default\Segmentation Platform\SignalStorageConfigDB: IO error: C:\ProgramData\CeftoDecklink\CefRoot\Default\Segmentation Platform\SignalStorageConfigDB/LOCK: Access denied. (ChromeMethodBFE: 15::LockFile::5)
[23756:23812:0821/163101.253:WARNING:chrome\browser\media\router\discovery\discovery_network_list_win.cc:229] Failed to open WLAN handle: The service has not been started. (0x426)
[21784:23484:0821/163101.863:ERROR:net\disk_cache\cache_util_win.cc:25] Unable to move the cache: Access is denied. (0x5)
[21784:20552:0821/163101.863:ERROR:net\disk_cache\disk_cache.cc:284] Unable to create cache
[23756:2716:0821/163101.864:ERROR:components\history\core\browser\top_sites_backend.cc:77] Failed to initialize database.
[23756:2716:0821/163101.887:ERROR:net\disk_cache\cache_util_win.cc:25] Unable to move the cache: Access is denied. (0x5)
[23756:23160:0821/163101.887:ERROR:net\disk_cache\cache_util_win.cc:25] Unable to move the cache: Access is denied. (0x5)
[23756:2716:0821/163101.888:ERROR:net\disk_cache\cache_util_win.cc:25] Unable to move the cache: Access is denied. (0x5)
[23756:23160:0821/163101.888:ERROR:net\disk_cache\cache_util_win.cc:25] Unable to move the cache: Access is denied. (0x5)
[23756:21896:0821/163101.888:ERROR:net\disk_cache\cache_util_win.cc:25] Unable to move the cache: Access is denied. (0x5)
[23756:22416:0821/163101.890:ERROR:net\disk_cache\disk_cache.cc:284] Unable to create cache
[23756:22416:0821/163101.890:ERROR:gpu\ipc\host\gpu_disk_cache.cc:737] Gpu Cache Creation failed: -2
[23756:22416:0821/163101.890:ERROR:net\disk_cache\disk_cache.cc:284] Unable to create cache
[23756:22416:0821/163101.890:ERROR:gpu\ipc\host\gpu_disk_cache.cc:737] Gpu Cache Creation failed: -2
[23756:22416:0821/163101.890:ERROR:net\disk_cache\disk_cache.cc:284] Unable to create cache
[23756:22416:0821/163101.890:ERROR:gpu\ipc\host\gpu_disk_cache.cc:737] Gpu Cache Creation failed: -2
[23756:22416:0821/163101.890:ERROR:net\disk_cache\disk_cache.cc:284] Unable to create cache
[23756:22416:0821/163101.890:ERROR:gpu\ipc\host\gpu_disk_cache.cc:737] Gpu Cache Creation failed: -2
[23756:22416:0821/163101.890:ERROR:net\disk_cache\disk_cache.cc:284] Unable to create cache
[23756:22416:0821/163101.890:ERROR:gpu\ipc\host\gpu_disk_cache.cc:737] Gpu Cache Creation failed: -2
[3776:23152:0821/163101.940:ERROR:gpu\ipc\service\gpu_channel_manager.cc:927] ContextResult::kFatalFailure: Failed to create shared context for virtualization.
[3776:23152:0821/163101.940:ERROR:gpu\ipc\service\gpu_channel_manager.cc:927] ContextResult::kFatalFailure: Failed to create shared context for virtualization.
[23756:7288:0821/163102.163:ERROR:storage\browser\quota\quota_database.cc:989] Could not open the quota database, resetting.
[23756:23812:0821/163103.878:WARNING:components\leveldb_proto\internal\leveldb_database.cc:102] Unable to open C:\ProgramData\CeftoDecklink\CefRoot\Default\shared_proto_db\metadata: IO error: C:\ProgramData\CeftoDecklink\CefRoot\Default\shared_proto_db\metadata/LOCK: Access denied. (ChromeMethodBFE: 15::LockFile::5)
[23756:2716:0821/163103.908:WARNING:components\value_store\value_store_frontend.cc:47] Reading ahfgeienlihckogmohjhadlkjgocpleb.alarms from  failed: IO error: .../LOCK: Access denied. (ChromeMethodBFE: 15::LockFile::5)
[23756:7288:0821/163104.934:ERROR:storage\browser\quota\quota_database.cc:989] Could not open the quota database, resetting.
[23756:23812:0821/163105.893:WARNING:components\leveldb_proto\internal\leveldb_database.cc:102] Unable to open C:\ProgramData\CeftoDecklink\CefRoot\Default\shared_proto_db\metadata: IO error: C:\ProgramData\CeftoDecklink\CefRoot\Default\shared_proto_db\metadata/LOCK: Access denied. (ChromeMethodBFE: 15::LockFile::5)
[23756:2716:0821/163105.918:WARNING:components\value_store\value_store_frontend.cc:47] Reading mhjfbmdgcfjbbpaeojofohoefgiehjai.alarms from  failed: IO error: .../LOCK: Access denied. (ChromeMethodBFE: 15::LockFile::5)
[23756:21068:0821/163105.987:WARNING:components\leveldb_proto\internal\leveldb_database.cc:102] Unable to open C:\ProgramData\CeftoDecklink\CefRoot\Default\optimization_guide_hint_cache_store: IO error: C:\ProgramData\CeftoDecklink\CefRoot\Default\optimization_guide_hint_cache_store/LOCK: Access denied. (ChromeMethodBFE: 15::LockFile::5)
[23756:14432:0821/163106.478:WARNING:components\leveldb_proto\internal\leveldb_database.cc:102] Unable to open C:\ProgramData\CeftoDecklink\CefRoot\Default\AutofillAiModelCache: IO error: C:\ProgramData\CeftoDecklink\CefRoot\Default\AutofillAiModelCache/LOCK: Access denied. (ChromeMethodBFE: 15::LockFile::5)
[23756:7288:0821/163107.702:ERROR:storage\browser\quota\quota_database.cc:994] Failed to reset the quota database.
[23756:7288:0821/163107.702:ERROR:storage\browser\quota\quota_database.cc:994] Failed to reset the quota database.
[23756:23812:0821/163107.907:WARNING:components\leveldb_proto\internal\leveldb_database.cc:102] Unable to open C:\ProgramData\CeftoDecklink\CefRoot\Default\shared_proto_db\metadata: IO error: C:\ProgramData\CeftoDecklink\CefRoot\Default\shared_proto_db\metadata/LOCK: Access denied. (ChromeMethodBFE: 15::LockFile::5)
[23756:21068:0821/163107.997:WARNING:components\leveldb_proto\internal\leveldb_database.cc:102] Unable to open C:\ProgramData\CeftoDecklink\CefRoot\Default\AutofillStrikeDatabase: IO error: C:\ProgramData\CeftoDecklink\CefRoot\Default\AutofillStrikeDatabase/LOCK: Access denied. (ChromeMethodBFE: 15::LockFile::5)
[23756:14432:0821/163108.482:WARNING:components\leveldb_proto\internal\leveldb_database.cc:102] Unable to open C:\ProgramData\CeftoDecklink\CefRoot\Default\BudgetDatabase: IO error: C:\ProgramData\CeftoDecklink\CefRoot\Default\BudgetDatabase/LOCK: Access denied. (ChromeMethodBFE: 15::LockFile::5)
[23756:23812:0821/163109.916:WARNING:components\leveldb_proto\internal\leveldb_database.cc:102] Unable to open C:\ProgramData\CeftoDecklink\CefRoot\Default\shared_proto_db\metadata: IO error: C:\ProgramData\CeftoDecklink\CefRoot\Default\shared_proto_db\metadata/LOCK: Access denied. (ChromeMethodBFE: 15::LockFile::5)
[23756:21068:0821/163110.014:WARNING:components\leveldb_proto\internal\leveldb_database.cc:102] Unable to open C:\ProgramData\CeftoDecklink\CefRoot\Default\GCM Store\Encryption: IO error: C:\ProgramData\CeftoDecklink\CefRoot\Default\GCM Store\Encryption/LOCK: Access denied. (ChromeMethodBFE: 15::LockFile::5)
[23756:14432:0821/163110.499:WARNING:components\leveldb_proto\internal\leveldb_database.cc:102] Unable to open C:\ProgramData\CeftoDecklink\CefRoot\Default\Feature Engagement Tracker\AvailabilityDB: IO error: C:\ProgramData\CeftoDecklink\CefRoot\Default\Feature Engagement Tracker\AvailabilityDB/LOCK: Access denied. (ChromeMethodBFE: 15::LockFile::5)
[23756:23812:0821/163111.924:WARNING:components\leveldb_proto\internal\leveldb_database.cc:102] Unable to open C:\ProgramData\CeftoDecklink\CefRoot\Default\ClientCertificates: IO error: C:\ProgramData\CeftoDecklink\CefRoot\Default\ClientCertificates/LOCK: Access denied. (ChromeMethodBFE: 15::LockFile::5)
[23756:14432:0821/163112.522:WARNING:components\leveldb_proto\internal\leveldb_database.cc:102] Unable to open C:\ProgramData\CeftoDecklink\CefRoot\Default\Feature Engagement Tracker\EventDB: IO error: C:\ProgramData\CeftoDecklink\CefRoot\Default\Feature Engagement Tracker\EventDB/LOCK: Access denied. (ChromeMethodBFE: 15::LockFile::5)
[23756:21068:0821/163113.565:WARNING:components\leveldb_proto\internal\leveldb_database.cc:102] Unable to open C:\ProgramData\CeftoDecklink\CefRoot\Default\AutofillStrikeDatabase: IO error: C:\ProgramData\CeftoDecklink\CefRoot\Default\AutofillStrikeDatabase/LOCK: Access denied. (ChromeMethodBFE: 15::LockFile::5)
[23756:14432:0821/163115.576:WARNING:components\leveldb_proto\internal\leveldb_database.cc:102] Unable to open C:\ProgramData\CeftoDecklink\CefRoot\Default\AutofillStrikeDatabase: IO error: C:\ProgramData\CeftoDecklink\CefRoot\Default\AutofillStrikeDatabase/LOCK: Access denied. (ChromeMethodBFE: 15::LockFile::5)
[23756:14432:0821/163117.597:WARNING:components\leveldb_proto\internal\leveldb_database.cc:102] Unable to open C:\ProgramData\CeftoDecklink\CefRoot\Default\AutofillStrikeDatabase: IO error: C:\ProgramData\CeftoDecklink\CefRoot\Default\AutofillStrikeDatabase/LOCK: Access denied. (ChromeMethodBFE: 15::LockFile::5)
[17220:8636:0821/163606.841:ERROR:components\viz\host\persistent_cache_sandboxed_file_factory.cc:151] Failed to open persistent cache files in directory "C:\ProgramData\CeftoDecklink\CefRoot\GPUPersistentCache\DawnGraphiteCache\QFRPRRKRKWZNTFMPUJZIPW2HOZ5QE2WL": Access is denied. (0x5)
[17220:20264:0821/163606.857:ERROR:components\segmentation_platform\internal\database\ukm_database_backend.cc:142] Failed to open UKM database: 0 sql::Database is not opened.
[17220:18428:0821/163606.878:WARNING:chrome\browser\signin\account_consistency_mode_manager.cc:74] Desktop Identity Consistency cannot be enabled as no OAuth client ID and client secret have been configured.
[17220:8636:0821/163606.907:ERROR:components\password_manager\core\browser\password_store\login_database.cc:1092] Unable to open the password store database.
[17220:8636:0821/163606.907:ERROR:components\password_manager\core\browser\password_store\login_database_async_helper.cc:75] Could not create/open login database.
[17220:24472:0821/163606.908:ERROR:components\password_manager\core\browser\password_store\login_database.cc:1092] Unable to open the password store database.
[17220:24472:0821/163606.908:ERROR:components\password_manager\core\browser\password_store\login_database_async_helper.cc:75] Could not create/open login database.
[13300:21716:0821/163606.966:ERROR:gpu\ipc\service\gpu_channel_manager.cc:927] ContextResult::kFatalFailure: Failed to create shared context for virtualization.
[17220:5192:0821/163608.919:WARNING:components\leveldb_proto\internal\leveldb_database.cc:102] Unable to open C:\ProgramData\CeftoDecklink\CefRoot\Default\ClientCertificates: IO error: C:\ProgramData\CeftoDecklink\CefRoot\Default\ClientCertificates/LOCK: Access denied. (ChromeMethodBFE: 15::LockFile::5)
[17220:20020:0821/163608.923:WARNING:components\leveldb_proto\internal\leveldb_database.cc:102] Unable to open C:\ProgramData\CeftoDecklink\CefRoot\Default\discounts_db: IO error: C:\ProgramData\CeftoDecklink\CefRoot\Default\discounts_db/LOCK: Access denied. (ChromeMethodBFE: 15::LockFile::5)
[17220:22028:0821/163608.923:WARNING:components\leveldb_proto\internal\leveldb_database.cc:102] Unable to open C:\ProgramData\CeftoDecklink\CefRoot\Default\chrome_cart_db: IO error: C:\ProgramData\CeftoDecklink\CefRoot\Default\chrome_cart_db/LOCK: Access denied. (ChromeMethodBFE: 15::LockFile::5)
[17220:22592:0821/163608.928:WARNING:components\leveldb_proto\internal\leveldb_database.cc:102] Unable to open C:\ProgramData\CeftoDecklink\CefRoot\Default: IO error: C:\ProgramData\CeftoDecklink\CefRoot\Default/LOCK: Access denied. (ChromeMethodBFE: 15::LockFile::5)
[17220:12508:0821/163608.928:WARNING:components\leveldb_proto\internal\leveldb_database.cc:102] Unable to open C:\ProgramData\CeftoDecklink\CefRoot\Default\parcel_tracking_db: IO error: C:\ProgramData\CeftoDecklink\CefRoot\Default\parcel_tracking_db/LOCK: Access denied. (ChromeMethodBFE: 15::LockFile::5)
[17220:22008:0821/163608.932:WARNING:components\leveldb_proto\internal\leveldb_database.cc:102] Unable to open C:\ProgramData\CeftoDecklink\CefRoot\Default\commerce_subscription_db: IO error: C:\ProgramData\CeftoDecklink\CefRoot\Default\commerce_subscription_db/LOCK: Access denied. (ChromeMethodBFE: 15::LockFile::5)
[17220:12820:0821/163608.932:WARNING:components\leveldb_proto\internal\leveldb_database.cc:102] Unable to open C:\ProgramData\CeftoDecklink\CefRoot\Default\PersistentOriginTrials: IO error: C:\ProgramData\CeftoDecklink\CefRoot\Default\PersistentOriginTrials/LOCK: Access denied. (ChromeMethodBFE: 15::LockFile::5)
[17220:21928:0821/163608.932:WARNING:components\leveldb_proto\internal\leveldb_database.cc:102] Unable to open C:\ProgramData\CeftoDecklink\CefRoot\Default\Segmentation Platform\SegmentInfoDB: IO error: C:\ProgramData\CeftoDecklink\CefRoot\Default\Segmentation Platform\SegmentInfoDB/LOCK: Access denied. (ChromeMethodBFE: 15::LockFile::5)
[17220:24472:0821/163608.934:WARNING:components\leveldb_proto\internal\leveldb_database.cc:102] Unable to open C:\ProgramData\CeftoDecklink\CefRoot\Default\discount_infos_db: IO error: C:\ProgramData\CeftoDecklink\CefRoot\Default\discount_infos_db/LOCK: Access denied. (ChromeMethodBFE: 15::LockFile::5)
[17220:21928:0821/163610.945:WARNING:components\leveldb_proto\internal\leveldb_database.cc:102] Unable to open C:\ProgramData\CeftoDecklink\CefRoot\Default\Segmentation Platform\SignalDB: IO error: C:\ProgramData\CeftoDecklink\CefRoot\Default\Segmentation Platform\SignalDB/LOCK: Access denied. (ChromeMethodBFE: 15::LockFile::5)
[17220:20264:0821/163611.880:WARNING:chrome\browser\media\router\discovery\discovery_network_list_win.cc:229] Failed to open WLAN handle: The service has not been started. (0x426)
[17220:20264:0821/163611.886:ERROR:components\history\core\browser\top_sites_backend.cc:77] Failed to initialize database.
[17220:20264:0821/163611.910:ERROR:net\disk_cache\cache_util_win.cc:25] Unable to move the cache: Access is denied. (0x5)
[17220:22592:0821/163611.911:ERROR:net\disk_cache\cache_util_win.cc:25] Unable to move the cache: Access is denied. (0x5)
[17220:20264:0821/163611.911:ERROR:net\disk_cache\cache_util_win.cc:25] Unable to move the cache: Access is denied. (0x5)
[17220:22592:0821/163611.911:ERROR:net\disk_cache\cache_util_win.cc:25] Unable to move the cache: Access is denied. (0x5)
[17220:5192:0821/163611.912:ERROR:net\disk_cache\cache_util_win.cc:25] Unable to move the cache: Access is denied. (0x5)
[17220:18428:0821/163611.913:ERROR:net\disk_cache\disk_cache.cc:284] Unable to create cache
[17220:18428:0821/163611.913:ERROR:gpu\ipc\host\gpu_disk_cache.cc:737] Gpu Cache Creation failed: -2
[17220:18428:0821/163611.913:ERROR:net\disk_cache\disk_cache.cc:284] Unable to create cache
[17220:18428:0821/163611.913:ERROR:gpu\ipc\host\gpu_disk_cache.cc:737] Gpu Cache Creation failed: -2
[17220:18428:0821/163611.913:ERROR:net\disk_cache\disk_cache.cc:284] Unable to create cache
[17220:18428:0821/163611.913:ERROR:gpu\ipc\host\gpu_disk_cache.cc:737] Gpu Cache Creation failed: -2
[17220:18428:0821/163611.913:ERROR:net\disk_cache\disk_cache.cc:284] Unable to create cache
[17220:18428:0821/163611.913:ERROR:gpu\ipc\host\gpu_disk_cache.cc:737] Gpu Cache Creation failed: -2
[17220:18428:0821/163611.913:ERROR:net\disk_cache\disk_cache.cc:284] Unable to create cache
[17220:18428:0821/163611.913:ERROR:gpu\ipc\host\gpu_disk_cache.cc:737] Gpu Cache Creation failed: -2
[22520:8160:0821/163611.913:ERROR:net\disk_cache\cache_util_win.cc:25] Unable to move the cache: Access is denied. (0x5)
[22520:7280:0821/163611.914:ERROR:net\disk_cache\disk_cache.cc:284] Unable to create cache
[13300:21716:0821/163611.985:ERROR:gpu\ipc\service\gpu_channel_manager.cc:927] ContextResult::kFatalFailure: Failed to create shared context for virtualization.
[13300:21716:0821/163611.985:ERROR:gpu\ipc\service\gpu_channel_manager.cc:927] ContextResult::kFatalFailure: Failed to create shared context for virtualization.
[17220:22592:0821/163612.261:ERROR:storage\browser\quota\quota_database.cc:989] Could not open the quota database, resetting.
[17220:21928:0821/163612.956:WARNING:components\leveldb_proto\internal\leveldb_database.cc:102] Unable to open C:\ProgramData\CeftoDecklink\CefRoot\Default\Segmentation Platform\SignalStorageConfigDB: IO error: C:\ProgramData\CeftoDecklink\CefRoot\Default\Segmentation Platform\SignalStorageConfigDB/LOCK: Access denied. (ChromeMethodBFE: 15::LockFile::5)
[17220:22008:0821/163613.890:WARNING:components\leveldb_proto\internal\leveldb_database.cc:102] Unable to open C:\ProgramData\CeftoDecklink\CefRoot\Default\shared_proto_db\metadata: IO error: C:\ProgramData\CeftoDecklink\CefRoot\Default\shared_proto_db\metadata/LOCK: Access denied. (ChromeMethodBFE: 15::LockFile::5)
[17220:20264:0821/163613.929:WARNING:components\value_store\value_store_frontend.cc:47] Reading ahfgeienlihckogmohjhadlkjgocpleb.alarms from  failed: IO error: .../LOCK: Access denied. (ChromeMethodBFE: 15::LockFile::5)
[17220:22592:0821/163615.036:ERROR:storage\browser\quota\quota_database.cc:989] Could not open the quota database, resetting.
[17220:22008:0821/163615.902:WARNING:components\leveldb_proto\internal\leveldb_database.cc:102] Unable to open C:\ProgramData\CeftoDecklink\CefRoot\Default\shared_proto_db\metadata: IO error: C:\ProgramData\CeftoDecklink\CefRoot\Default\shared_proto_db\metadata/LOCK: Access denied. (ChromeMethodBFE: 15::LockFile::5)
[17220:20264:0821/163615.934:WARNING:components\value_store\value_store_frontend.cc:47] Reading mhjfbmdgcfjbbpaeojofohoefgiehjai.alarms from  failed: IO error: .../LOCK: Access denied. (ChromeMethodBFE: 15::LockFile::5)
[17220:24288:0821/163616.025:WARNING:components\leveldb_proto\internal\leveldb_database.cc:102] Unable to open C:\ProgramData\CeftoDecklink\CefRoot\Default\optimization_guide_hint_cache_store: IO error: C:\ProgramData\CeftoDecklink\CefRoot\Default\optimization_guide_hint_cache_store/LOCK: Access denied. (ChromeMethodBFE: 15::LockFile::5)
[17220:19636:0821/163616.525:WARNING:components\leveldb_proto\internal\leveldb_database.cc:102] Unable to open C:\ProgramData\CeftoDecklink\CefRoot\Default\AutofillAiModelCache: IO error: C:\ProgramData\CeftoDecklink\CefRoot\Default\AutofillAiModelCache/LOCK: Access denied. (ChromeMethodBFE: 15::LockFile::5)
[17220:22592:0821/163617.808:ERROR:storage\browser\quota\quota_database.cc:994] Failed to reset the quota database.
[17220:22592:0821/163617.808:ERROR:storage\browser\quota\quota_database.cc:994] Failed to reset the quota database.
[17220:22008:0821/163617.922:WARNING:components\leveldb_proto\internal\leveldb_database.cc:102] Unable to open C:\ProgramData\CeftoDecklink\CefRoot\Default\shared_proto_db\metadata: IO error: C:\ProgramData\CeftoDecklink\CefRoot\Default\shared_proto_db\metadata/LOCK: Access denied. (ChromeMethodBFE: 15::LockFile::5)
[17220:24288:0821/163618.043:WARNING:components\leveldb_proto\internal\leveldb_database.cc:102] Unable to open C:\ProgramData\CeftoDecklink\CefRoot\Default\AutofillStrikeDatabase: IO error: C:\ProgramData\CeftoDecklink\CefRoot\Default\AutofillStrikeDatabase/LOCK: Access denied. (ChromeMethodBFE: 15::LockFile::5)
[17220:19636:0821/163618.538:WARNING:components\leveldb_proto\internal\leveldb_database.cc:102] Unable to open C:\ProgramData\CeftoDecklink\CefRoot\Default\BudgetDatabase: IO error: C:\ProgramData\CeftoDecklink\CefRoot\Default\BudgetDatabase/LOCK: Access denied. (ChromeMethodBFE: 15::LockFile::5)
[17220:22008:0821/163619.930:WARNING:components\leveldb_proto\internal\leveldb_database.cc:102] Unable to open C:\ProgramData\CeftoDecklink\CefRoot\Default\shared_proto_db\metadata: IO error: C:\ProgramData\CeftoDecklink\CefRoot\Default\shared_proto_db\metadata/LOCK: Access denied. (ChromeMethodBFE: 15::LockFile::5)
[17220:24288:0821/163620.061:WARNING:components\leveldb_proto\internal\leveldb_database.cc:102] Unable to open C:\ProgramData\CeftoDecklink\CefRoot\Default\GCM Store\Encryption: IO error: C:\ProgramData\CeftoDecklink\CefRoot\Default\GCM Store\Encryption/LOCK: Access denied. (ChromeMethodBFE: 15::LockFile::5)
[17220:19636:0821/163620.548:WARNING:components\leveldb_proto\internal\leveldb_database.cc:102] Unable to open C:\ProgramData\CeftoDecklink\CefRoot\Default\Feature Engagement Tracker\AvailabilityDB: IO error: C:\ProgramData\CeftoDecklink\CefRoot\Default\Feature Engagement Tracker\AvailabilityDB/LOCK: Access denied. (ChromeMethodBFE: 15::LockFile::5)
[5016:21636:0821/163812.424:ERROR:components\viz\host\persistent_cache_sandboxed_file_factory.cc:151] Failed to open persistent cache files in directory "C:\ProgramData\CeftoDecklink\CefRoot\GPUPersistentCache\DawnGraphiteCache\QFRPRRKRKWZNTFMPUJZIPW2HOZ5QE2WL": Access is denied. (0x5)
[5016:21024:0821/163812.440:ERROR:components\segmentation_platform\internal\database\ukm_database_backend.cc:142] Failed to open UKM database: 0 sql::Database is not opened.
[5016:2692:0821/163812.461:WARNING:chrome\browser\signin\account_consistency_mode_manager.cc:74] Desktop Identity Consistency cannot be enabled as no OAuth client ID and client secret have been configured.
[5016:12400:0821/163812.478:ERROR:components\password_manager\core\browser\password_store\login_database.cc:1092] Unable to open the password store database.
[5016:12400:0821/163812.478:ERROR:components\password_manager\core\browser\password_store\login_database_async_helper.cc:75] Could not create/open login database.
[5016:4476:0821/163812.478:ERROR:components\password_manager\core\browser\password_store\login_database.cc:1092] Unable to open the password store database.
[5016:4476:0821/163812.479:ERROR:components\password_manager\core\browser\password_store\login_database_async_helper.cc:75] Could not create/open login database.
[17688:12748:0821/163812.552:ERROR:gpu\ipc\service\gpu_channel_manager.cc:927] ContextResult::kFatalFailure: Failed to create shared context for virtualization.
[5016:21024:0821/163814.494:WARNING:components\leveldb_proto\internal\leveldb_database.cc:102] Unable to open C:\ProgramData\CeftoDecklink\CefRoot\Default\ClientCertificates: IO error: C:\ProgramData\CeftoDecklink\CefRoot\Default\ClientCertificates/LOCK: Access denied. (ChromeMethodBFE: 15::LockFile::5)
[5016:4476:0821/163814.498:WARNING:components\leveldb_proto\internal\leveldb_database.cc:102] Unable to open C:\ProgramData\CeftoDecklink\CefRoot\Default\chrome_cart_db: IO error: C:\ProgramData\CeftoDecklink\CefRoot\Default\chrome_cart_db/LOCK: Access denied. (ChromeMethodBFE: 15::LockFile::5)
[5016:20476:0821/163814.498:WARNING:components\leveldb_proto\internal\leveldb_database.cc:102] Unable to open C:\ProgramData\CeftoDecklink\CefRoot\Default\discounts_db: IO error: C:\ProgramData\CeftoDecklink\CefRoot\Default\discounts_db/LOCK: Access denied. (ChromeMethodBFE: 15::LockFile::5)
[5016:22620:0821/163814.498:WARNING:components\leveldb_proto\internal\leveldb_database.cc:102] Unable to open C:\ProgramData\CeftoDecklink\CefRoot\Default\commerce_subscription_db: IO error: C:\ProgramData\CeftoDecklink\CefRoot\Default\commerce_subscription_db/LOCK: Access denied. (ChromeMethodBFE: 15::LockFile::5)
[5016:4956:0821/163814.498:WARNING:components\leveldb_proto\internal\leveldb_database.cc:102] Unable to open C:\ProgramData\CeftoDecklink\CefRoot\Default\Segmentation Platform\SegmentInfoDB: IO error: C:\ProgramData\CeftoDecklink\CefRoot\Default\Segmentation Platform\SegmentInfoDB/LOCK: Access denied. (ChromeMethodBFE: 15::LockFile::5)
[5016:21636:0821/163814.501:WARNING:components\leveldb_proto\internal\leveldb_database.cc:102] Unable to open C:\ProgramData\CeftoDecklink\CefRoot\Default\discount_infos_db: IO error: C:\ProgramData\CeftoDecklink\CefRoot\Default\discount_infos_db/LOCK: Access denied. (ChromeMethodBFE: 15::LockFile::5)
[5016:7376:0821/163814.501:WARNING:components\leveldb_proto\internal\leveldb_database.cc:102] Unable to open C:\ProgramData\CeftoDecklink\CefRoot\Default\parcel_tracking_db: IO error: C:\ProgramData\CeftoDecklink\CefRoot\Default\parcel_tracking_db/LOCK: Access denied. (ChromeMethodBFE: 15::LockFile::5)
[5016:9536:0821/163814.509:WARNING:components\leveldb_proto\internal\leveldb_database.cc:102] Unable to open C:\ProgramData\CeftoDecklink\CefRoot\Default: IO error: C:\ProgramData\CeftoDecklink\CefRoot\Default/LOCK: Access denied. (ChromeMethodBFE: 15::LockFile::5)
[5016:23100:0821/163814.509:WARNING:components\leveldb_proto\internal\leveldb_database.cc:102] Unable to open C:\ProgramData\CeftoDecklink\CefRoot\Default\PersistentOriginTrials: IO error: C:\ProgramData\CeftoDecklink\CefRoot\Default\PersistentOriginTrials/LOCK: Access denied. (ChromeMethodBFE: 15::LockFile::5)
[5016:4956:0821/163816.512:WARNING:components\leveldb_proto\internal\leveldb_database.cc:102] Unable to open C:\ProgramData\CeftoDecklink\CefRoot\Default\Segmentation Platform\SignalDB: IO error: C:\ProgramData\CeftoDecklink\CefRoot\Default\Segmentation Platform\SignalDB/LOCK: Access denied. (ChromeMethodBFE: 15::LockFile::5)
[5016:4956:0821/163818.531:WARNING:components\leveldb_proto\internal\leveldb_database.cc:102] Unable to open C:\ProgramData\CeftoDecklink\CefRoot\Default\Segmentation Platform\SignalStorageConfigDB: IO error: C:\ProgramData\CeftoDecklink\CefRoot\Default\Segmentation Platform\SignalStorageConfigDB/LOCK: Access denied. (ChromeMethodBFE: 15::LockFile::5)
[5016:21024:0821/163819.786:WARNING:chrome\browser\media\router\discovery\discovery_network_list_win.cc:229] Failed to open WLAN handle: The service has not been started. (0x426)
[5016:21024:0821/163819.792:ERROR:components\history\core\browser\top_sites_backend.cc:77] Failed to initialize database.
[5016:21024:0821/163819.813:ERROR:net\disk_cache\cache_util_win.cc:25] Unable to move the cache: Access is denied. (0x5)
[5016:10964:0821/163819.813:ERROR:net\disk_cache\cache_util_win.cc:25] Unable to move the cache: Access is denied. (0x5)
[5016:21024:0821/163819.814:ERROR:net\disk_cache\cache_util_win.cc:25] Unable to move the cache: Access is denied. (0x5)
[5016:10964:0821/163819.814:ERROR:net\disk_cache\cache_util_win.cc:25] Unable to move the cache: Access is denied. (0x5)
[5016:15532:0821/163819.814:ERROR:net\disk_cache\cache_util_win.cc:25] Unable to move the cache: Access is denied. (0x5)
[5016:2692:0821/163819.815:ERROR:net\disk_cache\disk_cache.cc:284] Unable to create cache
[5016:2692:0821/163819.815:ERROR:gpu\ipc\host\gpu_disk_cache.cc:737] Gpu Cache Creation failed: -2
[5016:2692:0821/163819.815:ERROR:net\disk_cache\disk_cache.cc:284] Unable to create cache
[5016:2692:0821/163819.815:ERROR:gpu\ipc\host\gpu_disk_cache.cc:737] Gpu Cache Creation failed: -2
[5016:2692:0821/163819.815:ERROR:net\disk_cache\disk_cache.cc:284] Unable to create cache
[5016:2692:0821/163819.815:ERROR:gpu\ipc\host\gpu_disk_cache.cc:737] Gpu Cache Creation failed: -2
[5016:2692:0821/163819.815:ERROR:net\disk_cache\disk_cache.cc:284] Unable to create cache
[5016:2692:0821/163819.815:ERROR:gpu\ipc\host\gpu_disk_cache.cc:737] Gpu Cache Creation failed: -2
[5016:2692:0821/163819.815:ERROR:net\disk_cache\disk_cache.cc:284] Unable to create cache
[5016:2692:0821/163819.815:ERROR:gpu\ipc\host\gpu_disk_cache.cc:737] Gpu Cache Creation failed: -2
[22060:22288:0821/163819.815:ERROR:net\disk_cache\cache_util_win.cc:25] Unable to move the cache: Access is denied. (0x5)
[22060:23164:0821/163819.816:ERROR:net\disk_cache\disk_cache.cc:284] Unable to create cache
[17688:12748:0821/163819.885:ERROR:gpu\ipc\service\gpu_channel_manager.cc:927] ContextResult::kFatalFailure: Failed to create shared context for virtualization.
[17688:12748:0821/163819.885:ERROR:gpu\ipc\service\gpu_channel_manager.cc:927] ContextResult::kFatalFailure: Failed to create shared context for virtualization.
[5016:4476:0821/163820.094:ERROR:storage\browser\quota\quota_database.cc:989] Could not open the quota database, resetting.
[5016:12400:0821/163821.805:WARNING:components\leveldb_proto\internal\leveldb_database.cc:102] Unable to open C:\ProgramData\CeftoDecklink\CefRoot\Default\shared_proto_db\metadata: IO error: C:\ProgramData\CeftoDecklink\CefRoot\Default\shared_proto_db\metadata/LOCK: Access denied. (ChromeMethodBFE: 15::LockFile::5)
[5016:21024:0821/163821.826:WARNING:components\value_store\value_store_frontend.cc:47] Reading ahfgeienlihckogmohjhadlkjgocpleb.alarms from  failed: IO error: .../LOCK: Access denied. (ChromeMethodBFE: 15::LockFile::5)
[5016:4476:0821/163822.868:ERROR:storage\browser\quota\quota_database.cc:989] Could not open the quota database, resetting.
[5016:12400:0821/163823.818:WARNING:components\leveldb_proto\internal\leveldb_database.cc:102] Unable to open C:\ProgramData\CeftoDecklink\CefRoot\Default\shared_proto_db\metadata: IO error: C:\ProgramData\CeftoDecklink\CefRoot\Default\shared_proto_db\metadata/LOCK: Access denied. (ChromeMethodBFE: 15::LockFile::5)
[5016:21024:0821/163823.840:WARNING:components\value_store\value_store_frontend.cc:47] Reading mhjfbmdgcfjbbpaeojofohoefgiehjai.alarms from  failed: IO error: .../LOCK: Access denied. (ChromeMethodBFE: 15::LockFile::5)
[5016:15536:0821/163823.933:WARNING:components\leveldb_proto\internal\leveldb_database.cc:102] Unable to open C:\ProgramData\CeftoDecklink\CefRoot\Default\optimization_guide_hint_cache_store: IO error: C:\ProgramData\CeftoDecklink\CefRoot\Default\optimization_guide_hint_cache_store/LOCK: Access denied. (ChromeMethodBFE: 15::LockFile::5)
[5016:20108:0821/163824.417:WARNING:components\leveldb_proto\internal\leveldb_database.cc:102] Unable to open C:\ProgramData\CeftoDecklink\CefRoot\Default\AutofillAiModelCache: IO error: C:\ProgramData\CeftoDecklink\CefRoot\Default\AutofillAiModelCache/LOCK: Access denied. (ChromeMethodBFE: 15::LockFile::5)
[5016:4476:0821/163825.639:ERROR:storage\browser\quota\quota_database.cc:994] Failed to reset the quota database.
[5016:4476:0821/163825.639:ERROR:storage\browser\quota\quota_database.cc:994] Failed to reset the quota database.
[5016:12400:0821/163825.825:WARNING:components\leveldb_proto\internal\leveldb_database.cc:102] Unable to open C:\ProgramData\CeftoDecklink\CefRoot\Default\shared_proto_db\metadata: IO error: C:\ProgramData\CeftoDecklink\CefRoot\Default\shared_proto_db\metadata/LOCK: Access denied. (ChromeMethodBFE: 15::LockFile::5)
[5016:15536:0821/163825.944:WARNING:components\leveldb_proto\internal\leveldb_database.cc:102] Unable to open C:\ProgramData\CeftoDecklink\CefRoot\Default\AutofillStrikeDatabase: IO error: C:\ProgramData\CeftoDecklink\CefRoot\Default\AutofillStrikeDatabase/LOCK: Access denied. (ChromeMethodBFE: 15::LockFile::5)
[5016:20108:0821/163826.440:WARNING:components\leveldb_proto\internal\leveldb_database.cc:102] Unable to open C:\ProgramData\CeftoDecklink\CefRoot\Default\BudgetDatabase: IO error: C:\ProgramData\CeftoDecklink\CefRoot\Default\BudgetDatabase/LOCK: Access denied. (ChromeMethodBFE: 15::LockFile::5)
[5016:12400:0821/163827.842:WARNING:components\leveldb_proto\internal\leveldb_database.cc:102] Unable to open C:\ProgramData\CeftoDecklink\CefRoot\Default\shared_proto_db\metadata: IO error: C:\ProgramData\CeftoDecklink\CefRoot\Default\shared_proto_db\metadata/LOCK: Access denied. (ChromeMethodBFE: 15::LockFile::5)
[5016:15536:0821/163827.957:WARNING:components\leveldb_proto\internal\leveldb_database.cc:102] Unable to open C:\ProgramData\CeftoDecklink\CefRoot\Default\GCM Store\Encryption: IO error: C:\ProgramData\CeftoDecklink\CefRoot\Default\GCM Store\Encryption/LOCK: Access denied. (ChromeMethodBFE: 15::LockFile::5)
[5016:20108:0821/163828.449:WARNING:components\leveldb_proto\internal\leveldb_database.cc:102] Unable to open C:\ProgramData\CeftoDecklink\CefRoot\Default\Feature Engagement Tracker\AvailabilityDB: IO error: C:\ProgramData\CeftoDecklink\CefRoot\Default\Feature Engagement Tracker\AvailabilityDB/LOCK: Access denied. (ChromeMethodBFE: 15::LockFile::5)
[5016:21024:0821/163829.859:WARNING:components\leveldb_proto\internal\leveldb_database.cc:102] Unable to open C:\ProgramData\CeftoDecklink\CefRoot\Default\ClientCertificates: IO error: C:\ProgramData\CeftoDecklink\CefRoot\Default\ClientCertificates/LOCK: Access denied. (ChromeMethodBFE: 15::LockFile::5)
[5016:20108:0821/163830.460:WARNING:components\leveldb_proto\internal\leveldb_database.cc:102] Unable to open C:\ProgramData\CeftoDecklink\CefRoot\Default\Feature Engagement Tracker\EventDB: IO error: C:\ProgramData\CeftoDecklink\CefRoot\Default\Feature Engagement Tracker\EventDB/LOCK: Access denied. (ChromeMethodBFE: 15::LockFile::5)
[5016:15536:0821/163831.519:WARNING:components\leveldb_proto\internal\leveldb_database.cc:102] Unable to open C:\ProgramData\CeftoDecklink\CefRoot\Default\AutofillStrikeDatabase: IO error: C:\ProgramData\CeftoDecklink\CefRoot\Default\AutofillStrikeDatabase/LOCK: Access denied. (ChromeMethodBFE: 15::LockFile::5)
[5016:20108:0821/163833.527:WARNING:components\leveldb_proto\internal\leveldb_database.cc:102] Unable to open C:\ProgramData\CeftoDecklink\CefRoot\Default\AutofillStrikeDatabase: IO error: C:\ProgramData\CeftoDecklink\CefRoot\Default\AutofillStrikeDatabase/LOCK: Access denied. (ChromeMethodBFE: 15::LockFile::5)
[5016:20108:0821/163835.544:WARNING:components\leveldb_proto\internal\leveldb_database.cc:102] Unable to open C:\ProgramData\CeftoDecklink\CefRoot\Default\AutofillStrikeDatabase: IO error: C:\ProgramData\CeftoDecklink\CefRoot\Default\AutofillStrikeDatabase/LOCK: Access denied. (ChromeMethodBFE: 15::LockFile::5)
[5016:12400:0821/163851.587:ERROR:net\disk_cache\cache_util_win.cc:25] Unable to move the cache: Access is denied. (0x5)
[5016:10964:0821/163851.589:ERROR:net\disk_cache\cache_util_win.cc:25] Unable to move the cache: Access is denied. (0x5)
[5016:15532:0821/163851.589:ERROR:net\disk_cache\cache_util_win.cc:25] Unable to move the cache: Access is denied. (0x5)
[5016:2692:0821/163851.589:ERROR:net\disk_cache\disk_cache.cc:284] Unable to create cache
[5016:2692:0821/163851.589:ERROR:gpu\ipc\host\gpu_disk_cache.cc:737] Gpu Cache Creation failed: -2
[5016:2692:0821/163851.589:ERROR:net\disk_cache\disk_cache.cc:284] Unable to create cache
[5016:2692:0821/163851.589:ERROR:gpu\ipc\host\gpu_disk_cache.cc:737] Gpu Cache Creation failed: -2
[5016:2692:0821/163851.589:ERROR:net\disk_cache\disk_cache.cc:284] Unable to create cache
[5016:2692:0821/163851.589:ERROR:gpu\ipc\host\gpu_disk_cache.cc:737] Gpu Cache Creation failed: -2
[10720:15716:0821/164533.931:ERROR:components\viz\host\persistent_cache_sandboxed_file_factory.cc:151] Failed to open persistent cache files in directory "C:\ProgramData\CeftoDecklink\CefRoot\GPUPersistentCache\DawnGraphiteCache\QFRPRRKRKWZNTFMPUJZIPW2HOZ5QE2WL": Access is denied. (0x5)
[10720:10152:0821/164533.946:ERROR:components\segmentation_platform\internal\database\ukm_database_backend.cc:142] Failed to open UKM database: 0 sql::Database is not opened.
[10720:23316:0821/164533.968:WARNING:chrome\browser\signin\account_consistency_mode_manager.cc:74] Desktop Identity Consistency cannot be enabled as no OAuth client ID and client secret have been configured.
[10720:22340:0821/164533.987:ERROR:components\password_manager\core\browser\password_store\login_database.cc:1092] Unable to open the password store database.
[10720:22340:0821/164533.987:ERROR:components\password_manager\core\browser\password_store\login_database_async_helper.cc:75] Could not create/open login database.
[10720:23420:0821/164533.988:ERROR:components\password_manager\core\browser\password_store\login_database.cc:1092] Unable to open the password store database.
[10720:23420:0821/164533.988:ERROR:components\password_manager\core\browser\password_store\login_database_async_helper.cc:75] Could not create/open login database.
[20128:24304:0821/164534.056:ERROR:gpu\ipc\service\gpu_channel_manager.cc:927] ContextResult::kFatalFailure: Failed to create shared context for virtualization.
[10720:10900:0821/164536.004:WARNING:components\leveldb_proto\internal\leveldb_database.cc:102] Unable to open C:\ProgramData\CeftoDecklink\CefRoot\Default\discount_infos_db: IO error: C:\ProgramData\CeftoDecklink\CefRoot\Default\discount_infos_db/LOCK: Access denied. (ChromeMethodBFE: 15::LockFile::5)
[10720:8924:0821/164536.004:WARNING:components\leveldb_proto\internal\leveldb_database.cc:102] Unable to open C:\ProgramData\CeftoDecklink\CefRoot\Default\commerce_subscription_db: IO error: C:\ProgramData\CeftoDecklink\CefRoot\Default\commerce_subscription_db/LOCK: Access denied. (ChromeMethodBFE: 15::LockFile::5)
[10720:10152:0821/164536.004:WARNING:components\leveldb_proto\internal\leveldb_database.cc:102] Unable to open C:\ProgramData\CeftoDecklink\CefRoot\Default\ClientCertificates: IO error: C:\ProgramData\CeftoDecklink\CefRoot\Default\ClientCertificates/LOCK: Access denied. (ChromeMethodBFE: 15::LockFile::5)
[10720:7192:0821/164536.008:WARNING:components\leveldb_proto\internal\leveldb_database.cc:102] Unable to open C:\ProgramData\CeftoDecklink\CefRoot\Default\Segmentation Platform\SegmentInfoDB: IO error: C:\ProgramData\CeftoDecklink\CefRoot\Default\Segmentation Platform\SegmentInfoDB/LOCK: Access denied. (ChromeMethodBFE: 15::LockFile::5)
[10720:15716:0821/164536.015:WARNING:components\leveldb_proto\internal\leveldb_database.cc:102] Unable to open C:\ProgramData\CeftoDecklink\CefRoot\Default: IO error: C:\ProgramData\CeftoDecklink\CefRoot\Default/LOCK: Access denied. (ChromeMethodBFE: 15::LockFile::5)
[10720:23420:0821/164536.015:WARNING:components\leveldb_proto\internal\leveldb_database.cc:102] Unable to open C:\ProgramData\CeftoDecklink\CefRoot\Default\parcel_tracking_db: IO error: C:\ProgramData\CeftoDecklink\CefRoot\Default\parcel_tracking_db/LOCK: Access denied. (ChromeMethodBFE: 15::LockFile::5)
[10720:22744:0821/164536.015:WARNING:components\leveldb_proto\internal\leveldb_database.cc:102] Unable to open C:\ProgramData\CeftoDecklink\CefRoot\Default\discounts_db: IO error: C:\ProgramData\CeftoDecklink\CefRoot\Default\discounts_db/LOCK: Access denied. (ChromeMethodBFE: 15::LockFile::5)
[10720:12868:0821/164536.015:WARNING:components\leveldb_proto\internal\leveldb_database.cc:102] Unable to open C:\ProgramData\CeftoDecklink\CefRoot\Default\chrome_cart_db: IO error: C:\ProgramData\CeftoDecklink\CefRoot\Default\chrome_cart_db/LOCK: Access denied. (ChromeMethodBFE: 15::LockFile::5)
[10720:13024:0821/164536.016:WARNING:components\leveldb_proto\internal\leveldb_database.cc:102] Unable to open C:\ProgramData\CeftoDecklink\CefRoot\Default\PersistentOriginTrials: IO error: C:\ProgramData\CeftoDecklink\CefRoot\Default\PersistentOriginTrials/LOCK: Access denied. (ChromeMethodBFE: 15::LockFile::5)
[10720:7192:0821/164538.025:WARNING:components\leveldb_proto\internal\leveldb_database.cc:102] Unable to open C:\ProgramData\CeftoDecklink\CefRoot\Default\Segmentation Platform\SignalDB: IO error: C:\ProgramData\CeftoDecklink\CefRoot\Default\Segmentation Platform\SignalDB/LOCK: Access denied. (ChromeMethodBFE: 15::LockFile::5)
[10720:10152:0821/164539.228:WARNING:chrome\browser\media\router\discovery\discovery_network_list_win.cc:229] Failed to open WLAN handle: The service has not been started. (0x426)
[10720:10152:0821/164539.234:ERROR:components\history\core\browser\top_sites_backend.cc:77] Failed to initialize database.
[10720:10152:0821/164539.256:ERROR:net\disk_cache\cache_util_win.cc:25] Unable to move the cache: Access is denied. (0x5)
[10720:828:0821/164539.256:ERROR:net\disk_cache\cache_util_win.cc:25] Unable to move the cache: Access is denied. (0x5)
[10720:10152:0821/164539.257:ERROR:net\disk_cache\cache_util_win.cc:25] Unable to move the cache: Access is denied. (0x5)
[10720:828:0821/164539.257:ERROR:net\disk_cache\cache_util_win.cc:25] Unable to move the cache: Access is denied. (0x5)
[10720:15716:0821/164539.257:ERROR:net\disk_cache\cache_util_win.cc:25] Unable to move the cache: Access is denied. (0x5)
[10720:23316:0821/164539.257:ERROR:net\disk_cache\disk_cache.cc:284] Unable to create cache
[10720:23316:0821/164539.257:ERROR:gpu\ipc\host\gpu_disk_cache.cc:737] Gpu Cache Creation failed: -2
[10720:23316:0821/164539.257:ERROR:net\disk_cache\disk_cache.cc:284] Unable to create cache
[10720:23316:0821/164539.257:ERROR:gpu\ipc\host\gpu_disk_cache.cc:737] Gpu Cache Creation failed: -2
[10720:23316:0821/164539.258:ERROR:net\disk_cache\disk_cache.cc:284] Unable to create cache
[10720:23316:0821/164539.258:ERROR:gpu\ipc\host\gpu_disk_cache.cc:737] Gpu Cache Creation failed: -2
[10720:23316:0821/164539.258:ERROR:net\disk_cache\disk_cache.cc:284] Unable to create cache
[10720:23316:0821/164539.258:ERROR:gpu\ipc\host\gpu_disk_cache.cc:737] Gpu Cache Creation failed: -2
[10720:23316:0821/164539.258:ERROR:net\disk_cache\disk_cache.cc:284] Unable to create cache
[10720:23316:0821/164539.258:ERROR:gpu\ipc\host\gpu_disk_cache.cc:737] Gpu Cache Creation failed: -2
[12444:4612:0821/164539.257:ERROR:net\disk_cache\cache_util_win.cc:25] Unable to move the cache: Access is denied. (0x5)
[12444:12356:0821/164539.259:ERROR:net\disk_cache\disk_cache.cc:284] Unable to create cache
[20128:24304:0821/164539.322:ERROR:gpu\ipc\service\gpu_channel_manager.cc:927] ContextResult::kFatalFailure: Failed to create shared context for virtualization.
[20128:24304:0821/164539.322:ERROR:gpu\ipc\service\gpu_channel_manager.cc:927] ContextResult::kFatalFailure: Failed to create shared context for virtualization.
[10720:23420:0821/164539.542:ERROR:storage\browser\quota\quota_database.cc:989] Could not open the quota database, resetting.
[10720:7192:0821/164540.047:WARNING:components\leveldb_proto\internal\leveldb_database.cc:102] Unable to open C:\ProgramData\CeftoDecklink\CefRoot\Default\Segmentation Platform\SignalStorageConfigDB: IO error: C:\ProgramData\CeftoDecklink\CefRoot\Default\Segmentation Platform\SignalStorageConfigDB/LOCK: Access denied. (ChromeMethodBFE: 15::LockFile::5)
[10720:22744:0821/164541.246:WARNING:components\leveldb_proto\internal\leveldb_database.cc:102] Unable to open C:\ProgramData\CeftoDecklink\CefRoot\Default\shared_proto_db\metadata: IO error: C:\ProgramData\CeftoDecklink\CefRoot\Default\shared_proto_db\metadata/LOCK: Access denied. (ChromeMethodBFE: 15::LockFile::5)
[10720:10152:0821/164541.273:WARNING:components\value_store\value_store_frontend.cc:47] Reading ahfgeienlihckogmohjhadlkjgocpleb.alarms from  failed: IO error: .../LOCK: Access denied. (ChromeMethodBFE: 15::LockFile::5)
[10720:23420:0821/164542.315:ERROR:storage\browser\quota\quota_database.cc:989] Could not open the quota database, resetting.
[10720:22744:0821/164543.258:WARNING:components\leveldb_proto\internal\leveldb_database.cc:102] Unable to open C:\ProgramData\CeftoDecklink\CefRoot\Default\shared_proto_db\metadata: IO error: C:\ProgramData\CeftoDecklink\CefRoot\Default\shared_proto_db\metadata/LOCK: Access denied. (ChromeMethodBFE: 15::LockFile::5)
[10720:10152:0821/164543.286:WARNING:components\value_store\value_store_frontend.cc:47] Reading mhjfbmdgcfjbbpaeojofohoefgiehjai.alarms from  failed: IO error: .../LOCK: Access denied. (ChromeMethodBFE: 15::LockFile::5)
[10720:22872:0821/164543.373:WARNING:components\leveldb_proto\internal\leveldb_database.cc:102] Unable to open C:\ProgramData\CeftoDecklink\CefRoot\Default\optimization_guide_hint_cache_store: IO error: C:\ProgramData\CeftoDecklink\CefRoot\Default\optimization_guide_hint_cache_store/LOCK: Access denied. (ChromeMethodBFE: 15::LockFile::5)
[10720:4360:0821/164543.882:WARNING:components\leveldb_proto\internal\leveldb_database.cc:102] Unable to open C:\ProgramData\CeftoDecklink\CefRoot\Default\AutofillAiModelCache: IO error: C:\ProgramData\CeftoDecklink\CefRoot\Default\AutofillAiModelCache/LOCK: Access denied. (ChromeMethodBFE: 15::LockFile::5)
[10720:23420:0821/164545.089:ERROR:storage\browser\quota\quota_database.cc:994] Failed to reset the quota database.
[10720:23420:0821/164545.089:ERROR:storage\browser\quota\quota_database.cc:994] Failed to reset the quota database.
[10720:22744:0821/164545.268:WARNING:components\leveldb_proto\internal\leveldb_database.cc:102] Unable to open C:\ProgramData\CeftoDecklink\CefRoot\Default\shared_proto_db\metadata: IO error: C:\ProgramData\CeftoDecklink\CefRoot\Default\shared_proto_db\metadata/LOCK: Access denied. (ChromeMethodBFE: 15::LockFile::5)
[10720:22872:0821/164545.388:WARNING:components\leveldb_proto\internal\leveldb_database.cc:102] Unable to open C:\ProgramData\CeftoDecklink\CefRoot\Default\AutofillStrikeDatabase: IO error: C:\ProgramData\CeftoDecklink\CefRoot\Default\AutofillStrikeDatabase/LOCK: Access denied. (ChromeMethodBFE: 15::LockFile::5)
[10720:4360:0821/164545.897:WARNING:components\leveldb_proto\internal\leveldb_database.cc:102] Unable to open C:\ProgramData\CeftoDecklink\CefRoot\Default\BudgetDatabase: IO error: C:\ProgramData\CeftoDecklink\CefRoot\Default\BudgetDatabase/LOCK: Access denied. (ChromeMethodBFE: 15::LockFile::5)
[10720:22744:0821/164547.283:WARNING:components\leveldb_proto\internal\leveldb_database.cc:102] Unable to open C:\ProgramData\CeftoDecklink\CefRoot\Default\shared_proto_db\metadata: IO error: C:\ProgramData\CeftoDecklink\CefRoot\Default\shared_proto_db\metadata/LOCK: Access denied. (ChromeMethodBFE: 15::LockFile::5)
[10720:22872:0821/164547.392:WARNING:components\leveldb_proto\internal\leveldb_database.cc:102] Unable to open C:\ProgramData\CeftoDecklink\CefRoot\Default\GCM Store\Encryption: IO error: C:\ProgramData\CeftoDecklink\CefRoot\Default\GCM Store\Encryption/LOCK: Access denied. (ChromeMethodBFE: 15::LockFile::5)
[10720:4360:0821/164547.900:WARNING:components\leveldb_proto\internal\leveldb_database.cc:102] Unable to open C:\ProgramData\CeftoDecklink\CefRoot\Default\Feature Engagement Tracker\AvailabilityDB: IO error: C:\ProgramData\CeftoDecklink\CefRoot\Default\Feature Engagement Tracker\AvailabilityDB/LOCK: Access denied. (ChromeMethodBFE: 15::LockFile::5)
[10720:12868:0821/164549.293:WARNING:components\leveldb_proto\internal\leveldb_database.cc:102] Unable to open C:\ProgramData\CeftoDecklink\CefRoot\Default\ClientCertificates: IO error: C:\ProgramData\CeftoDecklink\CefRoot\Default\ClientCertificates/LOCK: Access denied. (ChromeMethodBFE: 15::LockFile::5)
[10720:4360:0821/164549.921:WARNING:components\leveldb_proto\internal\leveldb_database.cc:102] Unable to open C:\ProgramData\CeftoDecklink\CefRoot\Default\Feature Engagement Tracker\EventDB: IO error: C:\ProgramData\CeftoDecklink\CefRoot\Default\Feature Engagement Tracker\EventDB/LOCK: Access denied. (ChromeMethodBFE: 15::LockFile::5)
[10720:22872:0821/164550.945:WARNING:components\leveldb_proto\internal\leveldb_database.cc:102] Unable to open C:\ProgramData\CeftoDecklink\CefRoot\Default\AutofillStrikeDatabase: IO error: C:\ProgramData\CeftoDecklink\CefRoot\Default\AutofillStrikeDatabase/LOCK: Access denied. (ChromeMethodBFE: 15::LockFile::5)
